s1_idle_walk -> /Users/rodrigosoria/neodev/xeno-fighters/art/gpt/zyra/s1_idle_walk.png {'input_t
s2_move -> /Users/rodrigosoria/neodev/xeno-fighters/art/gpt/zyra/s2_move.png {'input_tokens
s3_punch -> /Users/rodrigosoria/neodev/xeno-fighters/art/gpt/zyra/s3_punch.png {'input_token
s4_kick -> /Users/rodrigosoria/neodev/xeno-fighters/art/gpt/zyra/s4_kick.png {'input_tokens
s5_crouch_attacks -> /Users/rodrigosoria/neodev/xeno-fighters/art/gpt/zyra/s5_crouch_attacks.png {'in
s6_air_hit -> /Users/rodrigosoria/neodev/xeno-fighters/art/gpt/zyra/s6_air_hit.png {'input_tok
s7_knockdown -> /Users/rodrigosoria/neodev/xeno-fighters/art/gpt/zyra/s7_knockdown.png {'input_t
s8_specials -> /Users/rodrigosoria/neodev/xeno-fighters/art/gpt/zyra/s8_specials.png {'input_to
s9_super_win -> /Users/rodrigosoria/neodev/xeno-fighters/art/gpt/zyra/s9_super_win.png {'input_t
s1_idle_walk -> /Users/rodrigosoria/neodev/xeno-fighters/art/gpt/ossk/s1_idle_walk.png {'input_t
s2_move -> /Users/rodrigosoria/neodev/xeno-fighters/art/gpt/ossk/s2_move.png {'input_tokens
s3_punch -> /Users/rodrigosoria/neodev/xeno-fighters/art/gpt/ossk/s3_punch.png {'input_token
s4_kick -> /Users/rodrigosoria/neodev/xeno-fighters/art/gpt/ossk/s4_kick.png {'input_tokens
s5_crouch_attacks -> /Users/rodrigosoria/neodev/xeno-fighters/art/gpt/ossk/s5_crouch_attacks.png {'in
s6_air_hit -> /Users/rodrigosoria/neodev/xeno-fighters/art/gpt/ossk/s6_air_hit.png {'input_tok
s7_knockdown -> /Users/rodrigosoria/neodev/xeno-fighters/art/gpt/ossk/s7_knockdown.png {'input_t
s8_specials -> /Users/rodrigosoria/neodev/xeno-fighters/art/gpt/ossk/s8_specials.png {'input_to
s9_super_win -> /Users/rodrigosoria/neodev/xeno-fighters/art/gpt/ossk/s9_super_win.png {'input_t
s1_idle_walk -> /Users/rodrigosoria/neodev/xeno-fighters/art/gpt/grumm/s1_idle_walk.png {'input_
s2_move -> /Users/rodrigosoria/neodev/xeno-fighters/art/gpt/grumm/s2_move.png {'input_token
s3_punch -> /Users/rodrigosoria/neodev/xeno-fighters/art/gpt/grumm/s3_punch.png {'input_toke
s4_kick -> /Users/rodrigosoria/neodev/xeno-fighters/art/gpt/grumm/s4_kick.png {'input_token
s5_crouch_attacks -> /Users/rodrigosoria/neodev/xeno-fighters/art/gpt/grumm/s5_crouch_attacks.png {'i
s6_air_hit -> /Users/rodrigosoria/neodev/xeno-fighters/art/gpt/grumm/s6_air_hit.png {'input_to
s7_knockdown -> /Users/rodrigosoria/neodev/xeno-fighters/art/gpt/grumm/s7_knockdown.png {'input_
s8_specials -> /Users/rodrigosoria/neodev/xeno-fighters/art/gpt/grumm/s8_specials.png {'input_t
s9_super_win -> /Users/rodrigosoria/neodev/xeno-fighters/art/gpt/grumm/s9_super_win.png {'input_
s1_idle_walk -> /Users/rodrigosoria/neodev/xeno-fighters/art/gpt/xal/s1_idle_walk.png {'input_to
s2_move -> /Users/rodrigosoria/neodev/xeno-fighters/art/gpt/xal/s2_move.png {'input_tokens'
s3_punch -> /Users/rodrigosoria/neodev/xeno-fighters/art/gpt/xal/s3_punch.png {'input_tokens
s4_kick -> /Users/rodrigosoria/neodev/xeno-fighters/art/gpt/xal/s4_kick.png {'input_tokens'
s5_crouch_attacks -> /Users/rodrigosoria/neodev/xeno-fighters/art/gpt/xal/s5_crouch_attacks.png {'inp
s6_air_hit -> /Users/rodrigosoria/neodev/xeno-fighters/art/gpt/xal/s6_air_hit.png {'input_toke
s7_knockdown -> /Users/rodrigosoria/neodev/xeno-fighters/art/gpt/xal/s7_knockdown.png {'input_to
s8_specials -> /Users/rodrigosoria/neodev/xeno-fighters/art/gpt/xal/s8_specials.png {'input_tok
s9_super_win -> /Users/rodrigosoria/neodev/xeno-fighters/art/gpt/xal/s9_super_win.png {'input_to
